// Jest Snapshot v1, https://goo.gl/fbAQLP

exports[`Footer should render properly 1`] = `"<footer class=\\"app__footer\\"><div class=\\"app__container\\"><div class=\\"app__footer__github\\"><iframe title=\\"GitHub Stars\\" src=\\"https://ghbtns.com/github-btn.html?user=superdev810&amp;repo=react-redux-saga-blockapps&amp;type=star&amp;count=true\\" frameborder=\\"0\\" scrolling=\\"0\\" width=\\"110px\\" height=\\"20px\\"></iframe><iframe title=\\"GitHub Follow\\" src=\\"https://ghbtns.com/github-btn.html?user=superdev810&amp;type=follow&amp;count=true\\" frameborder=\\"0\\" scrolling=\\"0\\" width=\\"130px\\" height=\\"20px\\"></iframe></div></div></footer>"`;
